// Vitest Snapshot v1, https://vitest.dev/guide/snapshot.html

exports[`<ReactSlider> > can render 1`] = `
{
  "asFragment": [Function],
  "baseElement": <body>
    <div>
      <div
        class="slider"
        style="position: relative;"
      >
        <div
          class="track track-0"
          style="position: absolute; left: 0px; right: 0px;"
        />
        <div
          class="track track-1"
          style="position: absolute; left: 0px; right: 0px;"
        />
        <div
          aria-disabled="false"
          aria-orientation="horizontal"
          aria-valuemax="100"
          aria-valuemin="0"
          aria-valuenow="0"
          class="thumb thumb-0 "
          role="slider"
          style="position: absolute; z-index: 1; left: 0px;"
          tabindex="0"
        />
      </div>
    </div>
  </body>,
  "container": <div>
    <div
      class="slider"
      style="position: relative;"
    >
      <div
        class="track track-0"
        style="position: absolute; left: 0px; right: 0px;"
      />
      <div
        class="track track-1"
        style="position: absolute; left: 0px; right: 0px;"
      />
      <div
        aria-disabled="false"
        aria-orientation="horizontal"
        aria-valuemax="100"
        aria-valuemin="0"
        aria-valuenow="0"
        class="thumb thumb-0 "
        role="slider"
        style="position: absolute; z-index: 1; left: 0px;"
        tabindex="0"
      />
    </div>
  </div>,
  "debug": [Function],
  "findAllByAltText": [Function],
  "findAllByDisplayValue": [Function],
  "findAllByLabelText": [Function],
  "findAllByPlaceholderText": [Function],
  "findAllByRole": [Function],
  "findAllByTestId": [Function],
  "findAllByText": [Function],
  "findAllByTitle": [Function],
  "findByAltText": [Function],
  "findByDisplayValue": [Function],
  "findByLabelText": [Function],
  "findByPlaceholderText": [Function],
  "findByRole": [Function],
  "findByTestId": [Function],
  "findByText": [Function],
  "findByTitle": [Function],
  "getAllByAltText": [Function],
  "getAllByDisplayValue": [Function],
  "getAllByLabelText": [Function],
  "getAllByPlaceholderText": [Function],
  "getAllByRole": [Function],
  "getAllByTestId": [Function],
  "getAllByText": [Function],
  "getAllByTitle": [Function],
  "getByAltText": [Function],
  "getByDisplayValue": [Function],
  "getByLabelText": [Function],
  "getByPlaceholderText": [Function],
  "getByRole": [Function],
  "getByTestId": [Function],
  "getByText": [Function],
  "getByTitle": [Function],
  "queryAllByAltText": [Function],
  "queryAllByDisplayValue": [Function],
  "queryAllByLabelText": [Function],
  "queryAllByPlaceholderText": [Function],
  "queryAllByRole": [Function],
  "queryAllByTestId": [Function],
  "queryAllByText": [Function],
  "queryAllByTitle": [Function],
  "queryByAltText": [Function],
  "queryByDisplayValue": [Function],
  "queryByLabelText": [Function],
  "queryByPlaceholderText": [Function],
  "queryByRole": [Function],
  "queryByTestId": [Function],
  "queryByText": [Function],
  "queryByTitle": [Function],
  "rerender": [Function],
  "unmount": [Function],
}
`;
